// Jest Snapshot v1, https://goo.gl/fbAQLP

exports[`\`snyk-api-import list:imported <...>\` Shows help text as expected 1`] = `
"index.js list:imported

List all targets imported in Snyk for a given group & source type. An analysis
is performed on all current organizations and their projects to generate this.
The generated file can be used to skip previously imported targets when running
the \`import\` command

Options:
  --version          Show version number                               [boolean]
  --help             Show help                                         [boolean]
  --groupId          Public id of the group in Snyk (available on group
                     settings)
  --orgId            Public id of the organization in Snyk (available in
                     organization settings)
  --integrationType  The configured integration type (source of the projects in
                     Snyk e.g. Github, Github Enterprise.). This will be used to
                     pick the correct integrationID from each org in Snyk E.g.
                     --integrationType=github
                     --integrationType=github-enterprise
        [required] [choices: \\"github\\", \\"github-enterprise\\", \\"gcr\\", \\"docker-hub\\",
  \\"gitlab\\", \\"azure-repos\\", \\"bitbucket-server\\"] [default: [\\"github\\",\\"github-enter
           prise\\",\\"gcr\\",\\"docker-hub\\",\\"gitlab\\",\\"azure-repos\\",\\"bitbucket-server\\"]]"
`;
